<html>
<body>
<pre>
<h1>µVision Build Log</h1>
<h2>Tool Versions:</h2>
IDE-Version: ¶ÃVision V5.24.2.0
Copyright (C) 2017 ARM Ltd and ARM Germany GmbH. All rights reserved.
License Information: study Jason, virus, LIC=HN0AE-5TIWZ-DYWV3-AHATP-ADNA0-B2KN3
 
Tool Versions:
Toolchain:       MDK-ARM Plus  Version: 5.24.1
Toolchain Path:  D:\keil5\ARM\ARMCC\Bin
C Compiler:      Armcc.exe V5.06 update 5 (build 528)
Assembler:       Armasm.exe V5.06 update 5 (build 528)
Linker/Locator:  ArmLink.exe V5.06 update 5 (build 528)
Library Manager: ArmAr.exe V5.06 update 5 (build 528)
Hex Converter:   FromElf.exe V5.06 update 5 (build 528)
CPU DLL:         SARMCM3.DLL V5.24.1
Dialog DLL:      DCM.DLL V1.16.0.0
Target DLL:      CMSIS_AGDI.dll V1.28.3.0
Dialog DLL:      TCM.DLL V1.32.0.0
 
<h2>Project:</h2>
C:\Users\Jason\Desktop\asrpro”Ô“Ù ∂±\3.≤‚ ‘\USER\STM32_CGMCU.uvprojx
Project File Date:  03/21/2026

<h2>Output:</h2>
*** Using Compiler 'V5.06 update 5 (build 528)', folder: 'D:\keil5\ARM\ARMCC\Bin'
Build target 'DHT11'
compiling main.c...
..\HARDWARE\PWM\pwm.h(25): warning:  #1-D: last line of file ends without a newline
  #endif
main.c(39): warning:  #223-D: function "KEY_Init" declared implicitly
      KEY_Init();
main.c(40): warning:  #223-D: function "TIM2_PWM_Init" declared implicitly
      TIM2_PWM_Init(pwm_max, 0); 
main.c(157): warning:  #1-D: last line of file ends without a newline
  }
main.c(86): warning:  #177-D: variable "light_refresh_count"  was declared but never referenced
      uint32_t light_refresh_count = 0;
main.c: 5 warnings, 0 errors
linking...
Program Size: Code=6148 RO-data=7804 RW-data=48 ZI-data=1664  
".\Objects\STM32_CGMCU.axf" - 0 Error(s), 5 Warning(s).

<h2>Software Packages used:</h2>

Package Vendor: Keil
                http://www.keil.com/pack/Keil.STM32F1xx_DFP.2.2.0.pack
                Keil.STM32F1xx_DFP.2.2.0
                STMicroelectronics STM32F1 Series Device Support, Drivers and Examples

<h2>Collection of Component include folders:</h2>
  .\RTE\_DHT11
  D:\keil5\Keil\STM32F1xx_DFP\2.2.0\Device\Include

<h2>Collection of Component Files used:</h2>
Build Time Elapsed:  00:00:00
</pre>
</body>
</html>
